// Jest Snapshot v1, https://goo.gl/fbAQLP

exports[`should render edit page 1`] = `
<div>
  <Form
    expense={
      Object {
        "amount": 32,
        "createdAt": 345600000,
        "description": "credit",
        "id": "3",
        "note": "",
      }
    }
    onSubmit={[Function]}
  />
  <button
    onClick={[Function]}
  >
    Remove
  </button>
</div>
`;
